Property,Value
Directory,/home/yutanagano/Projects/Decombinator-Test-Data
InputFile,dcr_TINY_1_alpha.freq.gz
OutputFile,dcr_TINY_1_alpha.tsv.gz
DateFinished,2023_01_31
TimeFinished,14:59:17

InputArguments:,
species,human
chain,a
tags,extended
dontgzip,False

NumberUniqueDCRsInput,26
NumberUniqueDCRsProductive,25
NumberUniqueDCRsNonProductive,1

FunctionalityOfGermlineGenesUsed,
P_V-F,0
P_V-ORF,0
P_V-P,0
P_J-F,0
P_J-ORF,0
P_J-P,0
NP_V-F,0
NP_V-ORF,0
NP_V-P,0
NP_J-F,0
NP_J-ORF,0
NP_J-P,0
